
> ai-dost@0.0.0 build
> vite build

[36mvite v5.4.21 [32mbuilding for production...[36m[39m
transforming...
[32mΓ£ô[39m 4 modules transformed.
node.exe : 
[31mx[39m Build 
failed in 1.50s
At line:1 char:1
+ & "C:\Program Files
\nodejs/node.exe" 
"C:\Program 
Files\nodejs/node_mo 
...
+ ~~~~~~~~~~~~~~~~~~~
~~~~~~~~~~~~~~~~~~~~~
~~~~~~~~~~~~~~~~~~~~~
~~~~~~~~
    + CategoryInfo   
           : NotSpe  
  cified: ([31mx   
 [39m Build faile    
d in 1.50s:Strin    
g) [], RemoteExc    
eption
    + FullyQualified 
   ErrorId : Native  
  CommandError
 
[31merror during 
build:
[31m[vite:css] 
[postcss] C:/Users/KI
IT0001/OneDrive/Deskt
op/AI Dost/src/index.
css:53:9: The `shadow
-[0_4px_30px_rgba(0,`
 class does not 
exist. If `shadow-[0_
4px_30px_rgba(0,` is 
a custom class, make 
sure it is defined 
within a `@layer` 
directive.[31m
file: [36mC:/Users/K
IIT0001/OneDrive/Desk
top/AI Dost/src/index
.css:53:8[31m
    at Input.error (C
:\Users\KIIT0001\OneD
rive\Desktop\AI Dost\
node_modules\postcss\
lib\input.js:135:16)
    at AtRule.error (
C:\Users\KIIT0001\One
Drive\Desktop\AI Dost
\node_modules\postcss
\lib\node.js:146:32)
    at processApply (
C:\Users\KIIT0001\One
Drive\Desktop\AI Dost
\node_modules\tailwin
dcss\lib\lib\expandAp
plyAtRules.js:380:29)
    at C:\Users\KIIT0
001\OneDrive\Desktop\
AI Dost\node_modules\
tailwindcss\lib\lib\e
xpandApplyAtRules.js:
551:9
    at C:\Users\KIIT0
001\OneDrive\Desktop\
AI Dost\node_modules\
tailwindcss\lib\proce
ssTailwindFeatures.js
:55:50
    at async plugins 
(C:\Users\KIIT0001\On
eDrive\Desktop\AI Dos
t\node_modules\tailwi
ndcss\lib\plugin.js:3
8:17)
    at async 
LazyResult.runAsync (
C:\Users\KIIT0001\One
Drive\Desktop\AI Dost
\node_modules\postcss
\lib\lazy-result.js:2
93:11)
    at async 
compileCSS (file:///C
:/Users/KIIT0001/OneD
rive/Desktop/AI%20Dos
t/node_modules/vite/d
ist/node/chunks/dep-B
K3b2jBa.js:36898:21)
    at async 
Object.transform (fil
e:///C:/Users/KIIT000
1/OneDrive/Desktop/AI
%20Dost/node_modules/
vite/dist/node/chunks
/dep-BK3b2jBa.js:3617
1:11)
    at async 
transform (file:///C:
/Users/KIIT0001/OneDr
ive/Desktop/AI%20Dost
/node_modules/rollup/
dist/es/shared/node-e
ntry.js:21234:16)[39
m
